2026-05-16 18:42:17,863 ERROR: Exception on / [GET] [in C:\Users\tazas\Desktop\projet_coordinateurs\venv\Lib\site-packages\flask\app.py:875]
Traceback (most recent call last):
  File "C:\Users\tazas\Desktop\projet_coordinateurs\venv\Lib\site-packages\flask\app.py", line 1511, in wsgi_app
    response = self.full_dispatch_request()
  File "C:\Users\tazas\Desktop\projet_coordinateurs\venv\Lib\site-packages\flask\app.py", line 919, in full_dispatch_request
    rv = self.handle_user_exception(e)
  File "C:\Users\tazas\Desktop\projet_coordinateurs\venv\Lib\site-packages\flask\app.py", line 917, in full_dispatch_request
    rv = self.dispatch_request()
  File "C:\Users\tazas\Desktop\projet_coordinateurs\venv\Lib\site-packages\flask\app.py", line 902, in dispatch_request
    return self.ensure_sync(self.view_functions[rule.endpoint])(**view_args)  # type: ignore[no-any-return]
           ~~~~~~~~~~~~~~~~~~~~~~~~~~~~~~~~~~~~~~~~~~~~~~~~~~~~^^^^^^^^^^^^^
  File "C:\Users\tazas\Desktop\projet_coordinateurs\venv\Lib\site-packages\flask_login\utils.py", line 290, in decorated_view
    return current_app.ensure_sync(func)(*args, **kwargs)
           ~~~~~~~~~~~~~~~~~~~~~~~~~~~~~^^^^^^^^^^^^^^^^^
  File "C:\Users\tazas\Desktop\projet_coordinateurs\routes.py", line 225, in index
        dours = Dour.query.all()
               ^^^^^^^^^^^^^^^^^
    ...<4 lines>...
    @login_required
    ^^^^^^^^^^^^^^^
  File "C:\Users\tazas\Desktop\projet_coordinateurs\venv\Lib\site-packages\flask\templating.py", line 151, in render_template
    return _render(app, template, context)
  File "C:\Users\tazas\Desktop\projet_coordinateurs\venv\Lib\site-packages\flask\templating.py", line 132, in _render
    rv = template.render(context)
  File "C:\Users\tazas\Desktop\projet_coordinateurs\venv\Lib\site-packages\jinja2\environment.py", line 1295, in render
    self.environment.handle_exception()
    ~~~~~~~~~~~~~~~~~~~~~~~~~~~~~~~~~^^
  File "C:\Users\tazas\Desktop\projet_coordinateurs\venv\Lib\site-packages\jinja2\environment.py", line 942, in handle_exception
    raise rewrite_traceback_stack(source=source)
  File "C:\Users\tazas\Desktop\projet_coordinateurs\templates\index.html", line 1, in top-level template code
    {% extends "base.html" %}
  File "C:\Users\tazas\Desktop\projet_coordinateurs\templates\base.html", line 16, in top-level template code
    <a href="{{ url_for('index') }}" style="display:flex;align-items:center;text-decoration:none;">
    ^^^^^^^^^^^^^^^^^
TypeError: 'str' object is not callable
